<html>
<body>
<pre>
<h1>µVision Build Log</h1>
<h2>Tool Versions:</h2>
IDE-Version: µVision V5.26.2.0
Copyright (C) 2018 ARM Ltd and ARM Germany GmbH. All rights reserved.
License Information: Sebastien Moles, Ynov, LIC=----
 
Tool Versions:
Toolchain:       MDK-Lite  Version: 5.26.2.0
Toolchain Path:  C:\Keil_v5\ARM\ARMCC\Bin
C Compiler:      Armcc.exe V5.06 update 6 (build 750)
Assembler:       Armasm.exe V5.06 update 6 (build 750)
Linker/Locator:  ArmLink.exe V5.06 update 6 (build 750)
Library Manager: ArmAr.exe V5.06 update 6 (build 750)
Hex Converter:   FromElf.exe V5.06 update 6 (build 750)
CPU DLL:         SARMCM3.DLL V5.26.2.0
Dialog DLL:      DCM.DLL V1.17.2.0
Target DLL:      STLink\ST-LINKIII-KEIL_SWO.dll V3.0.5.0
Dialog DLL:      TCM.DLL V1.36.1.0
 
<h2>Project:</h2>
C:\Users\Sebastien\Documents\RTE\Device\STM32F303K8Tx\STCubeGenerated\MDK-ARM\STCubeGenerated.uvprojx
Project File Date:  02/21/2019

<h2>Output:</h2>
*** Using Compiler 'V5.06 update 6 (build 750)', folder: 'C:\Keil_v5\ARM\ARMCC\Bin'
Build target 'STCubeGenerated'
compiling i2c.c...
../Inc/i2c.h(24): warning:  #1-D: last line of file ends without a newline
  #endif
..\Src\i2c.c(24): warning:  #1-D: last line of file ends without a newline
  }
..\Src\i2c.c: 2 warnings, 0 errors
compiling uart.c...
../Inc/uart.h(14): warning:  #1-D: last line of file ends without a newline
  #endif
../Inc/i2c.h(24): warning:  #1-D: last line of file ends without a newline
  #endif
../Inc/adc.h(25): warning:  #1295-D: Deprecated declaration get_value_hum_sol - give arg types
  void get_value_hum_sol();
../Inc/adc.h(27): warning:  #1295-D: Deprecated declaration calibration_hum_sol - give arg types
  void calibration_hum_sol();
../Inc/adc.h(29): warning:  #1-D: last line of file ends without a newline
  #endif
..\Src\uart.c(111): warning:  #1-D: last line of file ends without a newline
  }
..\Src\uart.c: 6 warnings, 0 errors
compiling main.c...
../Inc/uart.h(14): warning:  #1-D: last line of file ends without a newline
  #endif
../Inc/i2c.h(24): warning:  #1-D: last line of file ends without a newline
  #endif
../Inc/adc.h(25): warning:  #1295-D: Deprecated declaration get_value_hum_sol - give arg types
  void get_value_hum_sol();
../Inc/adc.h(27): warning:  #1295-D: Deprecated declaration calibration_hum_sol - give arg types
  void calibration_hum_sol();
../Inc/adc.h(29): warning:  #1-D: last line of file ends without a newline
  #endif
../Src/main.c(129): warning:  #223-D: function "calib_hum_sol" declared implicitly
  	calib_hum_sol();
../Src/main.c: 6 warnings, 0 errors
compiling gestion.c...
../Inc/i2c.h(24): warning:  #1-D: last line of file ends without a newline
  #endif
../Inc/adc.h(25): warning:  #1295-D: Deprecated declaration get_value_hum_sol - give arg types
  void get_value_hum_sol();
../Inc/adc.h(27): warning:  #1295-D: Deprecated declaration calibration_hum_sol - give arg types
  void calibration_hum_sol();
../Inc/adc.h(29): warning:  #1-D: last line of file ends without a newline
  #endif
../Inc/uart.h(14): warning:  #1-D: last line of file ends without a newline
  #endif
..\Src\gestion.c(50): warning:  #186-D: pointless comparison of unsigned integer with zero
  	}else if (Regulateur_Proportionnel.commande < 0)
..\Src\gestion.c(144): warning:  #1-D: last line of file ends without a newline
  }
..\Src\gestion.c: 7 warnings, 0 errors
linking...
Program Size: Code=18612 RO-data=544 RW-data=220 ZI-data=1508  
"STCubeGenerated\STCubeGenerated.axf" - 0 Error(s), 21 Warning(s).

<h2>Software Packages used:</h2>

Package Vendor: ARM
                http://www.keil.com/pack/ARM.CMSIS.5.4.0.pack
                ARM.CMSIS.5.4.0
                CMSIS (Cortex Microcontroller Software Interface Standard)
   * Component: CORE Version: 5.1.2

Package Vendor: Keil
                http://www.keil.com/pack/Keil.STM32F3xx_DFP.2.1.0.pack
                Keil.STM32F3xx_DFP.2.1.0
                STMicroelectronics STM32F3 Series Device Support and Examples

<h2>Collection of Component include folders:</h2>
  .\RTE\_STCubeGenerated
  C:\Keil_v5\ARM\PACK\ARM\CMSIS\5.4.0\CMSIS\Core\Include
  C:\Keil_v5\ARM\PACK\Keil\STM32F3xx_DFP\2.1.0\Drivers\CMSIS\Device\ST\STM32F3xx\Include

<h2>Collection of Component Files used:</h2>

   * Component: ARM::CMSIS:CORE:5.1.2
Build Time Elapsed:  00:00:07
</pre>
</body>
</html>
